
SQL> CREATE TABLE Customerss ( id number , name varchar (20) , age number (3) ,address varchar (40) , payment number ) ;

Table created.

SQL> INSERT INTO Customerss VALUES (&id, '&name', &age, '&address',&payment) ;
Enter value for id: 22
Enter value for name: anu
Enter value for age: 23
Enter value for address: ooty
Enter value for payment: 10000
old   1: INSERT INTO Customerss VALUES (&id, '&name', &age, '&address',&payment)
new   1: INSERT INTO Customerss VALUES (22, 'anu', 23, 'ooty',10000)

1 row created.

SQL> INSERT INTO Customerss VALUES (24, 'DHEENA', 25, 'COIMBATORE', 10000 );

1 row created.

SQL> INSERT INTO Customerss VALUES (( 25, 'PREMA', 24, 'ERODE', 6000 ) ;
INSERT INTO Customerss VALUES (( 25, 'PREMA', 24, 'ERODE', 6000 )
                                   *
ERROR at line 1:
ORA-00907: missing right parenthesis


SQL> INSERT INTO Customerss VALUES (25, 'PREMA', 24, 'ERODE', 6000 ) ;

1 row created.

SQL> CREATE PACKAGE customer_pay AS
  2  PROCEDURE find_pay ( c_id Customer.id%type ) ;
  3  END customer_pay ;
  4  /

Package created.

SQL>
SQL> CREATE OR REPLACE PACKAGE BODY customer_pay AS PROCEDURE
  2  find_pay ( c_id Customer.id% TYPE ) IS
  3  c_pay Customer.payment%TYPE ;
  4  BEGIN
  5  SELECT payment INTO c_pay FROM Customer WHERE id = c_id ;
  6  dbms_output.put_line ( 'payment :' || c_pay ) ;
  7  END find_pay ;
  8  END customer_pay
  9  ;
 10  /

Warning: Package Body created with compilation errors.

SQL> DECLARE
  2  code Customer.id%type := & cc_id ;
  3  BEGIN
  4
  5  customer_pay.find_pay ( code ) ;
  6  END ;
  7  /
Enter value for cc_id: 22
old   2: code Customer.id%type := & cc_id ;
new   2: code Customer.id%type := 22 ;