
SQL*Plus: Release 21.0.0.0.0 - Production on Sun Aug 31 22:36:26 2025
Version 21.3.0.0.0

Copyright (c) 1982, 2021, Oracle.  All rights reserved.

Enter user-name: system
Enter password:
Last Successful login time: Sun Aug 31 2025 22:26:03 +05:30

Connected to:
Oracle Database 21c Express Edition Release 21.0.0.0.0 - Production
Version 21.3.0.0.0

SQL> CREATE TABLE CUSTOMERSSS(CUSTOMER_ID VARCHAR(10),FIRST_NAME VARCHAR(20),LAST_NAME VARCHAR(30),COUNTRY VARCHAR(10));

Table created.

SQL> CREATE TABLE ORDERSSS(CUSTOMER_ID VARCHAR(9),AMOUNT NUMBER(5),COUNTRY VARCHAR(40));

Table created.

SQL> INSERT INTO Customersss VALUES (1,'YUVA','RAJ','India') ;

1 row created.

SQL> INSERT INTO Customersss VALUES (2,'VIGNESH','KUMAR','USA') ;

1 row created.

SQL> INSERT INTO Customersss VALUES (3,'MADHU','MITHA','France') ;

1 row created.

SQL> INSERT INTO Ordersss VALUES (1,1500,'India') ;

1 row created.

SQL> INSERT INTO Ordersss VALUES (2,2000,'USA') ;

1 row created.

SQL> INSERT INTO Ordersss VALUES (3,'3000','France') ;

1 row created.

SQL> CREATE VIEW us_customer As SELECT customer_id, first_name FROM  Customersss WHERE country = 'USA' ;
CREATE VIEW us_customer As SELECT customer_id, first_name FROM  Customersss WHERE country = 'USA'
            *
ERROR at line 1:
ORA-00955: name is already used by an existing object


SQL> CREATE VIEW us_customersss As SELECT customer_id, first_name FROM  Customersss WHERE country = 'USA' ;

View created.

SQL> CREATE OR REPLACE VIEW us_customersss As SELECT * FROM Customersss WHERE country = 'USA' ;

View created.

SQL> CREATE VIEW ordersss_details As SELECT Customersss.customer_id,  first_name, Ordersss.amount FROM Customersss JOIN Ordersss ON  Customersss.customer_id = Ordersss.customer_id ;

View created.

SQL> DROP VIEW us_customersss ;

View dropped.
